{"context":{"path":"/api/projects/cmbfcbcux0001tfa0uo4qlonh","projectId":"cmbfcbcux0001tfa0uo4qlonh"},"level":"info","message":"Processing GET project request","service":"dev-connect","timestamp":"2025-06-19 00:40:18"}
{"context":{"commentCount":0,"projectId":"cmbfcbcux0001tfa0uo4qlonh","userId":"cmbe4t5hq0000tfws3hwm91ku"},"level":"info","message":"Project fetched successfully","service":"dev-connect","timestamp":"2025-06-19 00:40:18"}
{"context":{"path":"/api/projects/cmbfcbcux0001tfa0uo4qlonh","projectId":"cmbfcbcux0001tfa0uo4qlonh"},"level":"info","message":"Processing GET project request","service":"dev-connect","timestamp":"2025-06-19 00:42:25"}
{"context":{"commentCount":0,"projectId":"cmbfcbcux0001tfa0uo4qlonh","userId":"cmbe4t5hq0000tfws3hwm91ku"},"level":"info","message":"Project fetched successfully","service":"dev-connect","timestamp":"2025-06-19 00:42:25"}
{"context":{"path":"/api/projects/cmbfcbcux0001tfa0uo4qlonh","projectId":"cmbfcbcux0001tfa0uo4qlonh"},"level":"info","message":"Processing GET project request","service":"dev-connect","timestamp":"2025-06-19 00:44:52"}
{"context":{"commentCount":0,"projectId":"cmbfcbcux0001tfa0uo4qlonh","userId":"cmbe4t5hq0000tfws3hwm91ku"},"level":"info","message":"Project fetched successfully","service":"dev-connect","timestamp":"2025-06-19 00:44:52"}
{"context":{"path":"/api/projects/cmbfcbcux0001tfa0uo4qlonh","projectId":"cmbfcbcux0001tfa0uo4qlonh"},"level":"info","message":"Processing GET project request","service":"dev-connect","timestamp":"2025-06-19 00:49:12"}
{"context":{"durationMs":8,"projectId":"cmbfcbcux0001tfa0uo4qlonh"},"level":"debug","message":"Database query completed","service":"dev-connect","timestamp":"2025-06-19 00:49:12"}
{"context":{"commentCount":0,"projectId":"cmbfcbcux0001tfa0uo4qlonh","userId":"cmbe4t5hq0000tfws3hwm91ku"},"level":"info","message":"Project fetched successfully","service":"dev-connect","timestamp":"2025-06-19 00:49:12"}
{"context":{"path":"/api/users","query":{"limit":"10","page":"1"}},"level":"info","message":"Processing GET users request","service":"dev-connect","timestamp":"2025-06-19 00:51:33"}
{"context":{"limit":10,"page":1,"sortBy":"createdAt","sortOrder":"desc","userId":"cmbe4t5hq0000tfws3hwm91ku"},"level":"debug","message":"Fetching users from database","service":"dev-connect","timestamp":"2025-06-19 00:51:33"}
{"context":{"durationMs":23,"userId":"cmbe4t5hq0000tfws3hwm91ku"},"level":"debug","message":"Database query completed","service":"dev-connect","timestamp":"2025-06-19 00:51:33"}
{"context":{"userCount":5,"userId":"cmbe4t5hq0000tfws3hwm91ku"},"level":"info","message":"Users fetched successfully","service":"dev-connect","timestamp":"2025-06-19 00:51:33"}
{"context":{"path":"/api/users","query":{"limit":"10","page":"1"}},"level":"info","message":"Processing GET users request","service":"dev-connect","timestamp":"2025-06-19 00:53:27"}
{"context":{"durationMs":9,"limit":10,"page":1,"sortBy":"createdAt","sortOrder":"desc","userId":"cmbe4t5hq0000tfws3hwm91ku"},"level":"debug","message":"Database query completed","service":"dev-connect","timestamp":"2025-06-19 00:53:27"}
{"context":{"userCount":5,"userId":"cmbe4t5hq0000tfws3hwm91ku"},"level":"info","message":"Users fetched successfully","service":"dev-connect","timestamp":"2025-06-19 00:53:27"}
{"context":{"path":"/api/users","query":{"limit":"10","page":"1","search":"al"}},"level":"info","message":"Processing GET users request","service":"dev-connect","timestamp":"2025-06-19 00:54:53"}
{"context":{"durationMs":20,"limit":10,"page":1,"search":"al","sortBy":"createdAt","sortOrder":"desc","userId":"cmbe4t5hq0000tfws3hwm91ku"},"level":"debug","message":"Database query completed","service":"dev-connect","timestamp":"2025-06-19 00:54:53"}
{"context":{"userCount":2,"userId":"cmbe4t5hq0000tfws3hwm91ku"},"level":"info","message":"Users fetched successfully","service":"dev-connect","timestamp":"2025-06-19 00:54:53"}
{"context":{"path":"/api/users","query":{"limit":"10","page":"1","search":"al"}},"level":"info","message":"Processing GET users request","service":"dev-connect","timestamp":"2025-06-19 00:55:17"}
{"context":{"durationMs":10,"limit":10,"page":1,"search":"al","sortBy":"createdAt","sortOrder":"desc","userId":"cmbe4t5hq0000tfws3hwm91ku"},"level":"debug","message":"Database query completed","service":"dev-connect","timestamp":"2025-06-19 00:55:17"}
{"context":{"userCount":2,"userId":"cmbe4t5hq0000tfws3hwm91ku"},"level":"info","message":"Users fetched successfully","service":"dev-connect","timestamp":"2025-06-19 00:55:17"}
{"context":{"path":"/api/projects","query":{"limit":"10","page":"1","sortBy":"createdAt","sortOrder":"desc"}},"level":"info","message":"Processing GET projects request","service":"dev-connect","timestamp":"2025-06-19 01:03:47"}
{"context":{"durationMs":25,"limit":10,"page":1,"sortBy":"createdAt","sortOrder":"desc","userId":"cmbe4t5hq0000tfws3hwm91ku"},"level":"debug","message":"Database query completed","service":"dev-connect","timestamp":"2025-06-19 01:03:47"}
{"context":{"projectCount":1,"userId":"cmbe4t5hq0000tfws3hwm91ku"},"level":"info","message":"Projects fetched successfully","service":"dev-connect","timestamp":"2025-06-19 01:03:47"}
